P01-20240202-110250: 61 picks
P01-20240202-161354: 47 picks
P01-20240202-161948: 34 picks
P01-20240202-171220: 55 picks
P01-20240202-175627: 24 picks
P01-20240202-195538: 79 picks
P01-20240203-093333: 20 picks
P01-20240203-121517: 101 picks
P01-20240203-123350: 164 picks
P01-20240203-130505: 141 picks
P01-20240203-132119: 129 picks
P01-20240203-135502: 238 picks
P01-20240203-150506: 96 picks
P01-20240203-152323: 20 picks
P01-20240203-152956: 22 picks
P01-20240203-161757: 61 picks
P01-20240203-184045: 9 picks
P01-20240203-184214: 202 picks
P01-20240204-095114: 17 picks
P01-20240204-120411: 31 picks
P01-20240204-121042: 259 picks
P01-20240204-124504: 8 picks
P01-20240204-130448: 28 picks
P01-20240204-142301: 196 picks
P01-20240204-145458: 138 picks
P01-20240204-152537: 43 picks
P01-20240204-160230: 16 picks
P02-20240209-184316: 382 picks
P02-20240209-194141: 110 picks
P02-20240209-231412: 3 picks
P02-20240210-092616: 5 picks
P02-20240210-100308: 69 picks
P02-20240210-100930: 1 picks
P02-20240210-122334: 64 picks
P02-20240210-195833: 25 picks
P02-20240210-220650: 7 picks
P02-20240211-100250: 26 picks
P02-20240211-104948: 65 picks
P02-20240211-111219: 37 picks
P02-20240211-111822: 230 picks
P02-20240211-115653: 52 picks
P02-20240211-120927: 306 picks
P02-20240211-141313: 218 picks
P02-20240211-175138: 283 picks
P03-20240216-084005: 155 picks
P03-20240216-090759: 86 picks
P03-20240216-185832: 537 picks
P03-20240216-205923: 191 picks
P03-20240216-223126: 17 picks
P03-20240217-091657: 141 picks
P03-20240217-094713: 18 picks
P03-20240217-100448: 51 picks
P03-20240217-130208: 24 picks
P03-20240217-131219: 384 picks
P03-20240217-150310: 91 picks
P03-20240217-152152: 16 picks
P03-20240217-192543: 324 picks
P03-20240217-210126: 33 picks
P03-20240217-210958: 85 picks
P03-20240218-094452: 196 picks
P03-20240218-101509: 41 picks
P03-20240218-140054: 129 picks
P03-20240218-144430: 109 picks
P03-20240218-190556: 338 picks
P03-20240218-202148: 85 picks
P04-20240413-142619: 195 picks
P04-20240413-145245: 66 picks
P04-20240413-151722: 174 picks
P04-20240414-064514: 28 picks
P04-20240414-065311: 183 picks
P04-20240414-072251: 99 picks
P04-20240414-162242: 31 picks
P04-20240414-162750: 141 picks
P04-20240414-164751: 28 picks
P04-20240414-165333: 36 picks
P04-20240414-170520: 77 picks
P04-20240414-172534: 23 picks
P04-20240414-173337: 132 picks
P04-20240414-175337: 67 picks
P04-20240414-181030: 150 picks
P04-20240415-175615: 90 picks
P04-20240415-181212: 184 picks
P04-20240415-184003: 98 picks
P05-20240423-170021: 186 picks
P05-20240423-172243: 35 picks
P05-20240423-175745: 7 picks
P05-20240423-180529: 144 picks
P05-20240423-183358: 13 picks
P05-20240424-085204: 19 picks
P05-20240424-090812: 16 picks
P05-20240424-130119: 35 picks
P05-20240424-131231: 3 picks
P05-20240424-171038: 160 picks
P05-20240424-175101: 98 picks
P05-20240425-082420: 44 picks
P05-20240425-083515: 16 picks
P05-20240425-124420: 21 picks
P05-20240425-125459: 4 picks
P05-20240425-171455: 145 picks
P05-20240425-173353: 99 picks
P05-20240425-180658: 33 picks
P05-20240425-201444: 212 picks
P05-20240426-085333: 51 picks
P05-20240426-091011: 7 picks
P05-20240426-092000: 14 picks
P05-20240427-143353: 138 picks
P05-20240427-145526: 68 picks
P05-20240427-150402: 34 picks
P05-20240427-151808: 22 picks
P06-20240510-090328: 261 picks
P06-20240510-094438: 21 picks
P06-20240510-100047: 188 picks
P06-20240510-104642: 478 picks
P06-20240510-115307: 118 picks
P06-20240510-121619: 115 picks
P06-20240510-135423: 61 picks
P06-20240510-140459: 189 picks
P06-20240511-102207: 349 picks
P06-20240511-121048: 71 picks
P06-20240511-122221: 22 picks
P07-20240529-102652: 137 picks
P07-20240529-131737: 72 picks
P07-20240529-134410: 185 picks
P07-20240529-191007: 228 picks
P07-20240529-194518: 149 picks
P07-20240530-102543: 226 picks
P07-20240530-111344: 21 picks
P07-20240531-101357: 256 picks
P07-20240531-201703: 239 picks
P08-20240613-122900: 29 picks
P08-20240613-123547: 178 picks
P08-20240614-085000: 186 picks
P08-20240614-125650: 229 picks
P08-20240614-132938: 31 picks
P08-20240614-184945: 183 picks
P08-20240617-130401: 430 picks
P08-20240617-184909: 379 picks
P08-20240618-163547: 407 picks
P08-20240618-171546: 152 picks
P08-20240620-180825: 395 picks
P08-20240622-141902: 217 picks
P09-20240621-093545: 428 picks
P09-20240621-153208: 145 picks
P09-20240622-150155: 283 picks
P09-20240622-154652: 131 picks
P09-20240622-162302: 135 picks
P09-20240622-194642: 66 picks
P09-20240623-120359: 649 picks
P09-20240623-153253: 33 picks
P09-20240623-153748: 46 picks
P09-20240623-154547: 6 picks
P09-20240624-160737: 382 picks
P09-20240624-165332: 174 picks
P09-20240625-103827: 45 picks

19324 picks in 154 recordings; skipped: {'no box at the pick': 208, 'recording without gaze': 280}
picks without a chance value (no gaze 10 s away): 1
median box 1.6 x 1.8 patches

                                                   inside         within 1 patch  median dist
at the pick                         38.8% [36.7%, 40.9%]   68.5% [66.8%, 70.2%]       0.25
chance (gaze at random times)       19.7% [18.8%, 20.7%]   49.9% [48.5%, 51.3%]       0.90
without the 90-degree rotation       1.8% [ 1.5%,  2.2%]    7.8% [ 6.5%,  9.2%]       3.46
depth fixed at 1 m                  33.7% [31.9%, 35.5%]   66.6% [64.9%, 68.3%]       0.33
depth fixed at 100 m                23.2% [21.7%, 24.6%]   62.7% [60.9%, 64.6%]       0.62
gaze 0.25 s before the pick         37.1% [35.3%, 38.9%]   73.1% [71.5%, 74.8%]       0.25
gaze 0.5 s before the pick          30.2% [28.8%, 31.5%]   68.3% [66.6%, 70.0%]       0.44
gaze 1 s before the pick            21.7% [20.7%, 22.7%]   54.7% [53.3%, 56.1%]       0.84
gaze 2 s before the pick            19.4% [18.6%, 20.3%]   50.3% [49.1%, 51.6%]       0.99

inside minus chance: +19.1% [+17.3%, +21.0%]

Per participant (shift_x, shift_y: the best shift in patches, + is right and down):
             picks  inside  chance_inside   near  chance_near  median_dist  shift_x  shift_y  inside_shifted
participant                                                                                                 
P01           2239   0.447          0.243  0.760        0.544        0.094    0.250    0.750           0.562
P02           1883   0.363          0.237  0.757        0.564        0.313   -0.750   -0.250           0.540
P03           3051   0.509          0.198  0.750        0.504        0.000    0.000    0.000           0.509
P04           1802   0.347          0.201  0.673        0.539        0.321    0.250    0.500           0.438
P05           1624   0.416          0.185  0.700        0.480        0.175    0.250    0.250           0.481
P06           1873   0.434          0.194  0.671        0.512        0.151    0.000    0.250           0.457
P07           1513   0.328          0.179  0.635        0.465        0.427    0.500    0.250           0.397
P08           2816   0.298          0.192  0.614        0.479        0.512   -0.500    0.250           0.398
P09           2523   0.321          0.147  0.603        0.424        0.501    0.250    0.000           0.323
[out] results/gaze_projection/gaze_at_picks.csv  results/gaze_projection/gaze_at_picks.json  results/gaze_projection/picks.jpg
